/Applications/smlnj/bin/sml @SMLload=es4.image.x86-darwin -e  tests/sanity/arrayliteral.es
parsing ... 
defining ... 
verifying ... 
evaluating ... 
PASSED!
